17:32:05 **** Auto Build of configuration Debug for project LED_GPIO ****
make pre-build main-build 
a9-linaro-pre-build-step
' '
'Building file: ../src/helloworld.c'
'Invoking: ARM v7 gcc compiler'
arm-none-eabi-gcc -Wall -O0 -g3 -c -fmessage-length=0 -MT"src/helloworld.o" -mcpu=cortex-a9 -mfpu=vfpv3 -mfloat-abi=hard -I../../LED_GPIO_bsp/ps7_cortexa9_0/include -MMD -MP -MF"src/helloworld.d" -MT"src/helloworld.o" -o "src/helloworld.o" "../src/helloworld.c"
../src/helloworld.c: In function 'main':
../src/helloworld.c:170:9: warning: unused variable 'Status' [-Wunused-variable]
     int Status;
         ^
'Finished building: ../src/helloworld.c'
' '
'Building target: LED_GPIO.elf'
'Invoking: ARM v7 gcc linker'
arm-none-eabi-gcc -mcpu=cortex-a9 -mfpu=vfpv3 -mfloat-abi=hard -Wl,-build-id=none -specs=Xilinx.spec -Wl,-T -Wl,../src/lscript.ld -L../../LED_GPIO_bsp/ps7_cortexa9_0/lib -o "LED_GPIO.elf"  ./src/helloworld.o ./src/platform.o   -Wl,--start-group,-lxil,-lgcc,-lc,--end-group
'Finished building target: LED_GPIO.elf'
' '
'Invoking: ARM v7 Print Size'
arm-none-eabi-size LED_GPIO.elf  |tee "LED_GPIO.elf.size"
   text	   data	    bss	    dec	    hex	filename
  30160	   2740	  22616	  55516	   d8dc	LED_GPIO.elf
'Finished building: LED_GPIO.elf.size'
' '

17:32:06 Build Finished (took 516ms)

